// Jest Snapshot v1, https://goo.gl/fbAQLP

exports[`env-util getCanaryStage Throws if env var is empty 1`] = `"Stage environment variable CANARY_STAGE is not set"`;

exports[`env-util getCanaryStage Throws if env var is not set 1`] = `"Stage environment variable CANARY_STAGE is not set"`;

exports[`env-util getCanaryStage Throws if stage name is not valid 1`] = `"Invalid canary stage: blue. Allowed values are base, canary, post-canary, full"`;

exports[`env-util getDockerTag Throws if env var is empty 1`] = `"Docker tag variable APP_DOCKER_TAG is not set"`;

exports[`env-util getDockerTag Throws if tag is not valid for the environment 1`] = `"\\"stable\\" is not a valid Docker tag for production, please set APP_DOCKER_TAG to a valid tag"`;

exports[`env-util getTtlTimestamp Throws on invalid TTL 123456789 1`] = `"Invalid TTL: 123456789"`;

exports[`env-util getTtlTimestamp Throws on invalid TTL 123456789a 1`] = `"Invalid TTL: 123456789a"`;

exports[`env-util getTtlTimestamp Throws on invalid TTL 1234567890.12 1`] = `"Invalid TTL: 1234567890.12"`;

exports[`env-util getTtlTimestamp Throws on invalid TTL a123456789 1`] = `"Invalid TTL: a123456789"`;

exports[`env-util getTtlTimestamp Throws on invalid TTL foobar 1`] = `"Invalid TTL: foobar"`;
