// Vitest Snapshot v1

exports[`Postgres example > Snapshot 1`] = `
[
  {
    "apiVersion": "v1",
    "kind": "Namespace",
    "metadata": {
      "labels": {
        "app": "example-postgres-app",
        "environment": "development",
        "managed-by": "cdk8s",
        "region": "local",
        "service": "example-postgres-app-development-local",
      },
      "name": "example-postgres-app-test",
      "namespace": "example-postgres-app-test",
    },
  },
  {
    "apiVersion": "v1",
    "data": {
      "create-schema.sql": "CREATE TABLE sample(
          id uuid,
          name varchar(64),
          creation_date date
        );",
    },
    "kind": "ConfigMap",
    "metadata": {
      "labels": {
        "app": "example-postgres-app",
        "environment": "development",
        "managed-by": "cdk8s",
        "prunable": "true",
        "region": "local",
        "service": "example-postgres-app-development-local",
      },
      "name": "postgres-init-27d7dggmb6",
      "namespace": "example-postgres-app-test",
    },
  },
  {
    "apiVersion": "v1",
    "kind": "Service",
    "metadata": {
      "labels": {
        "app": "example-postgres-app",
        "environment": "development",
        "instance": "postgres-example",
        "managed-by": "cdk8s",
        "region": "local",
        "release": "9.5",
        "role": "postgres",
        "service": "example-postgres-app-development-local",
      },
      "name": "postgres-example",
      "namespace": "example-postgres-app-test",
    },
    "spec": {
      "clusterIP": "None",
      "ports": [
        {
          "port": 5432,
          "protocol": "TCP",
        },
      ],
      "selector": {
        "app": "example-postgres-app",
        "instance": "postgres-example",
        "role": "postgres",
      },
    },
  },
  {
    "apiVersion": "apps/v1",
    "kind": "StatefulSet",
    "metadata": {
      "labels": {
        "app": "example-postgres-app",
        "environment": "development",
        "instance": "postgres-example",
        "managed-by": "cdk8s",
        "region": "local",
        "release": "9.5",
        "role": "postgres",
        "service": "example-postgres-app-development-local",
      },
      "name": "postgres-example-sts",
      "namespace": "example-postgres-app-test",
    },
    "spec": {
      "replicas": 1,
      "selector": {
        "matchLabels": {
          "app": "example-postgres-app",
          "instance": "postgres-example",
          "role": "postgres",
        },
      },
      "serviceName": "postgres-example",
      "template": {
        "metadata": {
          "labels": {
            "app": "example-postgres-app",
            "environment": "development",
            "instance": "postgres-example",
            "managed-by": "cdk8s",
            "region": "local",
            "release": "9.5",
            "role": "postgres",
            "service": "example-postgres-app-development-local",
          },
        },
        "spec": {
          "containers": [
            {
              "env": [
                {
                  "name": "POSTGRES_PASSWORD",
                  "value": "secret",
                },
                {
                  "name": "POSTGRES_USER",
                  "value": "appuser",
                },
                {
                  "name": "POSTGRES_DB",
                  "value": "mypostgresdb",
                },
              ],
              "image": "postgres:9.5",
              "livenessProbe": {
                "exec": {
                  "command": [
                    "pg_isready",
                  ],
                },
                "failureThreshold": 3,
                "initialDelaySeconds": 30,
                "periodSeconds": 10,
                "successThreshold": 1,
                "timeoutSeconds": 5,
              },
              "name": "postgres",
              "ports": [
                {
                  "containerPort": 5432,
                },
              ],
              "readinessProbe": {
                "exec": {
                  "command": [
                    "pg_isready",
                  ],
                },
                "failureThreshold": 3,
                "initialDelaySeconds": 30,
                "periodSeconds": 10,
                "successThreshold": 1,
                "timeoutSeconds": 5,
              },
              "resources": {
                "limits": {
                  "cpu": "100m",
                  "memory": "500Mi",
                },
              },
              "volumeMounts": [
                {
                  "mountPath": "/var/lib/postgresql/data",
                  "name": "postgres-data",
                  "subPath": "postgres",
                },
                {
                  "mountPath": "/docker-entrypoint-initdb.d",
                  "name": "initdb",
                },
              ],
            },
          ],
          "volumes": [
            {
              "configMap": {
                "name": "postgres-init-27d7dggmb6",
              },
              "name": "initdb",
            },
          ],
        },
      },
      "volumeClaimTemplates": [
        {
          "metadata": {
            "name": "postgres-data",
          },
          "spec": {
            "accessModes": [
              "ReadWriteOnce",
            ],
            "resources": {
              "requests": {
                "storage": "20Gi",
              },
            },
            "storageClassName": "general-purpose-delete",
          },
        },
      ],
    },
  },
]
`;
